
=================================== ERRORS ====================================
__ ERROR collecting apps/ml-engine/dellmology/tests/test_backend_roadmap.py ___
ImportError while importing test module 'C:\IDX_Analyst\apps\ml-engine\dellmology\tests\test_backend_roadmap.py'.
Hint: make sure your test modules/packages have valid Python names.
Traceback:
C:\Users\fadel\AppData\Local\Python\pythoncore-3.14-64\Lib\importlib\__init__.py:88: in import_module
    return _bootstrap._gcd_import(name[level:], package, level)
           ^^^^^^^^^^^^^^^^^^^^^^^^^^^^^^^^^^^^^^^^^^^^^^^^^^^^
apps\ml-engine\dellmology\tests\test_backend_roadmap.py:2: in <module>
    from dellmology.analysis.screener import ScreenerConfig, run_multi_version_analysis, calculate_model_confidence
E   ModuleNotFoundError: No module named 'dellmology'
============================== warnings summary ===============================
apps\ml-engine\dellmology\intelligence\ai_narrative.py:9
  C:\IDX_Analyst\apps\ml-engine\dellmology\intelligence\ai_narrative.py:9: FutureWarning: 
  
  All support for the `google.generativeai` package has ended. It will no longer be receiving 
  updates or bug fixes. Please switch to the `google.genai` package as soon as possible.
  See README for more details:
  
  https://github.com/google-gemini/deprecated-generative-ai-python/blob/main/README.md
  
    import google.generativeai as genai

-- Docs: https://docs.pytest.org/en/stable/how-to/capture-warnings.html
=========================== short test summary info ===========================
ERROR apps/ml-engine/dellmology/tests/test_backend_roadmap.py
!!!!!!!!!!!!!!!!!!! Interrupted: 1 error during collection !!!!!!!!!!!!!!!!!!!!
1 skipped, 1 warning, 1 error in 16.27s
